<html>
<body>
<pre>
<h1>µVision Build Log</h1>
<h2>Project:</h2>
C:\Users\David\Desktop\SEDMISEG_SCHODISTOVY_AUTOMAT\automat.uvproj
Project File Date:  10/21/2025

<h2>Output:</h2>
Build target 'Demo_01'
compiling main.c...
linking...
Program Size: Code=1500 RO-data=304 RW-data=0 ZI-data=1632  
".\Output\automat.axf" - 0 Error(s), 0 Warning(s).
Load "C:\\Users\\David\\Desktop\\SEDMISEG_SCHODISTOVY_AUTOMAT\\Output\\automat.axf" 
Erase Done.
Programming Done.
Verify OK.
\\David\\Desktop\\SEDMISEG_SCHODISTOVY_AUTOMAT\\Output\\automat.axf" 
Erase Done.
Programming Done.
Verify OK.
.c(105): error:  #20: identifier "modModModModCount" is undefined
                modModModModCount = (modModModCount) % 10;
Source\main.c: 0 warnings, 4 errors
".\Output\automat.axf" - 4 Error(s), 0 Warning(s).
Target not created
Load "C:\\Users\\David\\Desktop\\SEDMISEG_SCHODISTOVY_AUTOMAT\\Output\\automat.axf" 
Erase Done.
Programming Done.
Verify OK.
