<html>
<body>
<pre>
<h1>µVision Build Log</h1>
<h2>Project:</h2>
C:\Users\David\Desktop\SEDMISEG_SCHODISTOVY_AUTOMAT\automat.uvproj
Project File Date:  10/21/2025

<h2>Output:</h2>
Build target 'Demo_01'
compiling main.c...
linking...
Program Size: Code=1428 RO-data=304 RW-data=0 ZI-data=1632  
".\Output\automat.axf" - 0 Error(s), 0 Warning(s).
Load "C:\\Users\\David\\Desktop\\SEDMISEG_SCHODISTOVY_AUTOMAT\\Output\\automat.axf" 
Erase Done.
Programming Done.
Verify OK.
</pre>
</body>
</html>
t image symbols.
Finished: 1 information, 0 warning and 1 error messages.
".\Output\automat.axf" - 1 Error(s), 1 Warning(s).
Target not created
